  icode   ic inum1 inum2 inum3   subed  recmonps reccnstps  flow(m^3)   sed(t)      orgn(kg)    orgp(kg)    nitrate(kg) sol.p(kg)   sol.pst(mg) sor.pst(mg)
       1        1        1        0        0        0                         0.2385E+09  0.1160E+05  0.4164E+05  0.1713E+05  0.8444E+06  0.8809E+04  0.0000E+00  0.0000E+00
       1        2        2        0        0        0                         0.3113E+09  0.1121E+05  0.4865E+05  0.1984E+05  0.7150E+06  0.4996E+04  0.0000E+00  0.0000E+00
       1        3        3        0        0        0                         0.2372E+09  0.5526E+04  0.2625E+05  0.1045E+05  0.1450E+06  0.1321E+05  0.0000E+00  0.0000E+00
       1        4        4        0        0        0                         0.7382E+09  0.4628E+05  0.1617E+06  0.6580E+05  0.2767E+07  0.1150E+05  0.0000E+00  0.0000E+00
       1        5        5        0        0        0                         0.2093E+09  0.3746E+04  0.1311E+05  0.5211E+04  0.1002E+06  0.2473E+05  0.0000E+00  0.0000E+00
       1        6        6        0        0        0                         0.1440E+10  0.3686E+05  0.1615E+06  0.6439E+05  0.5736E+07  0.8137E+05  0.0000E+00  0.0000E+00
       1        7        7        0        0        0                         0.1611E+09  0.9168E+04  0.3607E+05  0.1466E+05  0.1149E+07  0.2961E+04  0.0000E+00  0.0000E+00
       1        8        8        0        0        0                         0.8098E+09  0.3071E+05  0.1339E+06  0.5462E+05  0.7602E+07  0.1074E+06  0.0000E+00  0.0000E+00
       1        9        9        0        0        0                         0.5963E+10  0.7256E+05  0.2778E+06  0.9905E+05  0.8593E+06  0.1959E+06  0.0000E+00  0.0000E+00
       1       10       10        0        0        0                         0.3194E+10  0.1766E+05  0.1041E+06  0.3074E+05  0.1218E+06  0.3990E+05  0.0000E+00  0.0000E+00
       1       11       11        0        0        0                         0.1426E+09  0.1388E+05  0.4754E+05  0.1959E+05  0.9441E+06  0.7162E+04  0.0000E+00  0.0000E+00
       1       12       12        0        0        0                         0.3603E+09  0.1870E+04  0.1036E+05  0.2837E+04  0.1187E+05  0.1298E+05  0.0000E+00  0.0000E+00
       1       13       13        0        0        0                         0.6307E+10  0.3532E+05  0.2178E+06  0.6383E+05  0.2404E+06  0.7927E+05  0.0000E+00  0.0000E+00
       1       14       14        0        0        0                         0.1010E+11  0.4216E+05  0.2370E+06  0.7373E+05  0.3481E+06  0.8954E+05  0.0000E+00  0.0000E+00
       1       15       15        0        0        0                         0.4365E+10  0.3076E+05  0.1604E+06  0.5010E+05  0.1917E+06  0.2309E+06  0.0000E+00  0.0000E+00
       1       16       16        0        0        0                         0.2621E+11  0.1337E+06  0.7882E+06  0.2396E+06  0.9247E+06  0.2488E+06  0.0000E+00  0.0000E+00
       1       17       17        0        0        0                         0.1698E+11  0.4205E+05  0.2546E+06  0.7770E+05  0.5013E+06  0.1264E+06  0.0000E+00  0.0000E+00
       7       18        1        0        0        0       17p               0.2928E+09  0.0000E+00  0.0000E+00  0.0000E+00  0.0000E+00  0.0000E+00  0.0000E+00  0.0000E+00
       5       19       17       18        0        0                         0.1727E+11  0.4205E+05  0.2546E+06  0.7770E+05  0.5013E+06  0.1264E+06  0.0000E+00  0.0000E+00
       2       20       17       19       17        0                         0.1712E+11  0.2786E+05  0.2173E+06  0.5628E+05  0.4865E+06  0.1424E+06  0.0000E+00  0.0000E+00
       7       21        2        0        0        0        1p               0.8483E+10  0.0000E+00  0.0000E+00  0.0000E+00  0.0000E+00  0.0000E+00  0.0000E+00  0.0000E+00
       5       22        1       21        0        0                         0.8721E+10  0.1160E+05  0.4164E+05  0.1713E+05  0.8444E+06  0.8809E+04  0.0000E+00  0.0000E+00
       2       23        1       22        1        0                         0.3685E+10  0.6671E+04  0.3388E+05  0.1186E+05  0.2228E+06  0.4231E+04  0.0000E+00  0.0000E+00
       5       24        5       23        0        0                         0.3894E+10  0.1042E+05  0.4699E+05  0.1707E+05  0.3231E+06  0.2897E+05  0.0000E+00  0.0000E+00
       7       25        3        0        0        0        5p               0.9521E+11  0.0000E+00  0.0000E+00  0.0000E+00  0.0000E+00  0.0000E+00  0.0000E+00  0.0000E+00
       5       26       24       25        0        0                         0.9910E+11  0.1042E+05  0.4699E+05  0.1707E+05  0.3231E+06  0.2897E+05  0.0000E+00  0.0000E+00
       2       27        5       26        5        0                         0.9703E+11  0.8907E+04  0.4483E+05  0.1582E+05  0.3171E+06  0.2984E+05  0.0000E+00  0.0000E+00
       7       28        4        0        0        0        4p               0.2233E+11  0.0000E+00  0.0000E+00  0.0000E+00  0.0000E+00  0.0000E+00  0.0000E+00  0.0000E+00
       5       29        4       28        0        0                         0.2306E+11  0.4628E+05  0.1617E+06  0.6580E+05  0.2767E+07  0.1150E+05  0.0000E+00  0.0000E+00
       2       30        4       29        4        0                         0.6973E+10  0.1408E+05  0.9733E+05  0.2903E+05  0.8243E+06  0.1067E+05  0.0000E+00  0.0000E+00
       5       31        2       30        0        0                         0.7284E+10  0.2528E+05  0.1460E+06  0.4887E+05  0.1539E+07  0.1567E+05  0.0000E+00  0.0000E+00
       7       32        5        0        0        0        2p               0.7226E+10  0.0000E+00  0.0000E+00  0.0000E+00  0.0000E+00  0.0000E+00  0.0000E+00  0.0000E+00
       5       33       31       32        0        0                         0.1451E+11  0.2528E+05  0.1460E+06  0.4887E+05  0.1539E+07  0.1567E+05  0.0000E+00  0.0000E+00
       2       34        2       33        2        0                         0.7948E+10  0.1287E+05  0.1050E+06  0.2875E+05  0.8497E+06  0.2245E+05  0.0000E+00  0.0000E+00
       5       35       13       34        0        0                         0.1426E+11  0.4818E+05  0.3228E+06  0.9257E+05  0.1090E+07  0.1017E+06  0.0000E+00  0.0000E+00
       7       36        6        0        0        0       13p               0.6710E+10  0.0000E+00  0.0000E+00  0.0000E+00  0.0000E+00  0.0000E+00  0.0000E+00  0.0000E+00
       5       37       35       36        0        0                         0.2097E+11  0.4818E+05  0.3228E+06  0.9257E+05  0.1090E+07  0.1017E+06  0.0000E+00  0.0000E+00
       2       38       13       37       13        0                         0.2084E+11  0.3350E+05  0.2842E+06  0.7350E+05  0.1091E+07  0.1183E+06  0.0000E+00  0.0000E+00
       7       39        7        0        0        0       14p               0.1571E+11  0.0000E+00  0.0000E+00  0.0000E+00  0.0000E+00  0.0000E+00  0.0000E+00  0.0000E+00
       5       40       14       39        0        0                         0.2581E+11  0.4216E+05  0.2370E+06  0.7373E+05  0.3481E+06  0.8954E+05  0.0000E+00  0.0000E+00
       2       41       14       40       14        0                         0.2539E+11  0.2234E+05  0.1721E+06  0.4099E+05  0.3461E+06  0.1118E+06  0.0000E+00  0.0000E+00
       5       42       15       41        0        0                         0.2976E+11  0.5310E+05  0.3325E+06  0.9109E+05  0.5378E+06  0.3426E+06  0.0000E+00  0.0000E+00
       7       43        8        0        0        0       15p               0.6379E+11  0.0000E+00  0.0000E+00  0.0000E+00  0.0000E+00  0.0000E+00  0.0000E+00  0.0000E+00
       5       44       42       43        0        0                         0.9354E+11  0.5310E+05  0.3325E+06  0.9109E+05  0.5378E+06  0.3426E+06  0.0000E+00  0.0000E+00
       2       45       15       44       15        0                         0.9340E+11  0.4260E+05  0.3132E+06  0.8179E+05  0.5382E+06  0.3512E+06  0.0000E+00  0.0000E+00
       5       46       10       45        0        0                         0.9660E+11  0.6026E+05  0.4173E+06  0.1125E+06  0.6600E+06  0.3911E+06  0.0000E+00  0.0000E+00
       7       47        9        0        0        0       10p               0.2675E+09  0.0000E+00  0.0000E+00  0.0000E+00  0.0000E+00  0.0000E+00  0.0000E+00  0.0000E+00
       5       48       46       47        0        0                         0.9686E+11  0.6026E+05  0.4173E+06  0.1125E+06  0.6600E+06  0.3911E+06  0.0000E+00  0.0000E+00
       2       49       10       48       10        0                         0.9663E+11  0.3819E+05  0.3463E+06  0.8095E+05  0.6686E+06  0.4200E+06  0.0000E+00  0.0000E+00
       5       50        6       49        0        0                         0.9807E+11  0.7506E+05  0.5078E+06  0.1453E+06  0.6405E+07  0.5014E+06  0.0000E+00  0.0000E+00
      11       51        1        0        0        0                   6p    0.0000E+00  0.0000E+00  0.0000E+00  0.0000E+00  0.0000E+00  0.0000E+00  0.0000E+00  0.0000E+00
       5       52       50       51        0        0                         0.9807E+11  0.7506E+05  0.5078E+06  0.1453E+06  0.6405E+07  0.5014E+06  0.0000E+00  0.0000E+00
       2       53        6       52        6        0                         0.7351E+11  0.4549E+05  0.3990E+06  0.9783E+05  0.4884E+07  0.4193E+06  0.0000E+00  0.0000E+00
       5       54        9       53        0        0                         0.7947E+11  0.1180E+06  0.6768E+06  0.1969E+06  0.5743E+07  0.6151E+06  0.0000E+00  0.0000E+00
      11       55        2        0        0        0                   9p    0.0000E+00  0.0000E+00  0.0000E+00  0.0000E+00  0.0000E+00  0.0000E+00  0.0000E+00  0.0000E+00
       5       56       54       55        0        0                         0.7947E+11  0.1180E+06  0.6768E+06  0.1969E+06  0.5743E+07  0.6151E+06  0.0000E+00  0.0000E+00
       2       57        9       56        9        0                         0.6807E+11  0.8401E+05  0.5837E+06  0.1569E+06  0.5031E+07  0.5680E+06  0.0000E+00  0.0000E+00
       5       58       11       57        0        0                         0.6821E+11  0.9789E+05  0.6313E+06  0.1765E+06  0.5975E+07  0.5752E+06  0.0000E+00  0.0000E+00
      11       59        3        0        0        0                  11p    0.0000E+00  0.0000E+00  0.0000E+00  0.0000E+00  0.0000E+00  0.0000E+00  0.0000E+00  0.0000E+00
       5       60       58       59        0        0                         0.6821E+11  0.9789E+05  0.6313E+06  0.1765E+06  0.5975E+07  0.5752E+06  0.0000E+00  0.0000E+00
       2       61       11       60       11        0                         0.6517E+11  0.8456E+05  0.5987E+06  0.1634E+06  0.5678E+07  0.5608E+06  0.0000E+00  0.0000E+00
       5       62        8       61        0        0                         0.6598E+11  0.1153E+06  0.7326E+06  0.2180E+06  0.1328E+08  0.6683E+06  0.0000E+00  0.0000E+00
       7       63       10        0        0        0        8p               0.1809E+11  0.0000E+00  0.0000E+00  0.0000E+00  0.0000E+00  0.0000E+00  0.0000E+00  0.0000E+00
       5       64       62       63        0        0                         0.8407E+11  0.1153E+06  0.7326E+06  0.2180E+06  0.1328E+08  0.6683E+06  0.0000E+00  0.0000E+00
       2       65        8       64        8        0                         0.6789E+11  0.7117E+05  0.6328E+06  0.1602E+06  0.1069E+08  0.5983E+06  0.0000E+00  0.0000E+00
       3       66        1       65        0        0                         0.3145E+11  0.3145E+05  0.2093E+06  0.4985E+05  0.4361E+07  0.2232E+06  0.0000E+00  0.0000E+00
       7       67       11        0        0        0       16p               0.4146E+11  0.0000E+00  0.0000E+00  0.0000E+00  0.0000E+00  0.0000E+00  0.0000E+00  0.0000E+00
       5       68       16       67        0        0                         0.6767E+11  0.1337E+06  0.7882E+06  0.2396E+06  0.9247E+06  0.2488E+06  0.0000E+00  0.0000E+00
       2       69       16       68       16        0                         0.6690E+11  0.7354E+05  0.5970E+06  0.1450E+06  0.9187E+06  0.3142E+06  0.0000E+00  0.0000E+00
       5       70        3       69        0        0                         0.6714E+11  0.7907E+05  0.6232E+06  0.1555E+06  0.1064E+07  0.3274E+06  0.0000E+00  0.0000E+00
       7       71       12        0        0        0        3p               0.3142E+11  0.0000E+00  0.0000E+00  0.0000E+00  0.0000E+00  0.0000E+00  0.0000E+00  0.0000E+00
       5       72       70       71        0        0                         0.9856E+11  0.7907E+05  0.6232E+06  0.1555E+06  0.1064E+07  0.3274E+06  0.0000E+00  0.0000E+00
       2       73        3       72        3        0                         0.9347E+11  0.5575E+05  0.5314E+06  0.1223E+06  0.1027E+07  0.3411E+06  0.0000E+00  0.0000E+00
       5       74        7       73        0        0                         0.9363E+11  0.6492E+05  0.5674E+06  0.1369E+06  0.2177E+07  0.3441E+06  0.0000E+00  0.0000E+00
       7       75       13        0        0        0        7p               0.6719E+10  0.0000E+00  0.0000E+00  0.0000E+00  0.0000E+00  0.0000E+00  0.0000E+00  0.0000E+00
       5       76       74       75        0        0                         0.1004E+12  0.6492E+05  0.5674E+06  0.1369E+06  0.2177E+07  0.3441E+06  0.0000E+00  0.0000E+00
       2       77        7       76        7        0                         0.9662E+11  0.4924E+05  0.5123E+06  0.1163E+06  0.2104E+07  0.3505E+06  0.0000E+00  0.0000E+00
       5       78       12       77        0        0                         0.9698E+11  0.5111E+05  0.5227E+06  0.1191E+06  0.2116E+07  0.3635E+06  0.0000E+00  0.0000E+00
       7       79       14        0        0        0       12p               0.8441E+10  0.0000E+00  0.0000E+00  0.0000E+00  0.0000E+00  0.0000E+00  0.0000E+00  0.0000E+00
       5       80       78       79        0        0                         0.1054E+12  0.5111E+05  0.5227E+06  0.1191E+06  0.2116E+07  0.3635E+06  0.0000E+00  0.0000E+00
       2       81       12       80       12        0                         0.1053E+12  0.4593E+05  0.5093E+06  0.1140E+06  0.2118E+07  0.3683E+06  0.0000E+00  0.0000E+00
      14       81        1        0        0        0                         0.1053E+12  0.4593E+05  0.5093E+06  0.1140E+06  0.2118E+07  0.3683E+06  0.0000E+00  0.0000E+00
